  nie znaleziono zmiennej dla ['udział bezrobotnych zarejestrowanych', 'bezrobotni zarejestrowani', 'udział bezrobotnych']
powiatów 380 gmin 2479
Wikidata: jednostek z kodem TERYT 2788
  BDL zmienna 72305 poziom 2 rok 2025 jednostek 16
  poziom 2 dopasowano z GUS: 16 z 16
  BDL zmienna 72305 poziom 5 rok 2025 jednostek 380
  poziom 5 dopasowano z GUS: 380 z 380
  BDL zmienna 72305 poziom 6 rok 2025 jednostek 3934
  poziom 6 dopasowano z GUS: 2473 z 2479
  BDL zmienna 453193 poziom 6 rok 2025 jednostek 3934
   saldo_migracji rok 2025 gmin z danymi: 2473
  BDL zmienna 79130 poziom 6 rok 2025 jednostek 3934
   kanalizacja_proc rok 2025 gmin z danymi: 2473
    w temacie 79133 ogółem wodociąg    %
    w temacie 79130 ogółem kanalizacja    %
    w temacie 79127 ogółem gaz    %
    w temacie 79134 w miastach wodociąg    %
    w temacie 79131 w miastach kanalizacja    %
    w temacie 79128 w miastach gaz    %
    w temacie 79135 na wsi wodociąg    %
    w temacie 79132 na wsi kanalizacja    %
    w temacie 79129 na wsi gaz    %
  WYBRANO z tematu P2433 -> 79133 ogółem wodociąg    %
  BDL zmienna 79133 poziom 6 rok 2025 jednostek 3934
   wodociag_proc rok 2025 gmin z danymi: 2473
    kandydat 217828 P2965 styczeń | bezrobotni zarejestrowani na 1 ofertę pracy 5
    kandydat 217829 P2965 luty | bezrobotni zarejestrowani na 1 ofertę pracy 5
    kandydat 217830 P2965 marzec | bezrobotni zarejestrowani na 1 ofertę pracy 5
    kandydat 217831 P2965 kwiecień | bezrobotni zarejestrowani na 1 ofertę pracy 5
    kandydat 217832 P2965 maj | bezrobotni zarejestrowani na 1 ofertę pracy 5
    kandydat 217833 P2965 czerwiec | bezrobotni zarejestrowani na 1 ofertę pracy 5
    kandydat 217834 P2965 lipiec | bezrobotni zarejestrowani na 1 ofertę pracy 5
    kandydat 217835 P2965 sierpień | bezrobotni zarejestrowani na 1 ofertę pracy 5
    kandydat 217836 P2965 wrzesień | bezrobotni zarejestrowani na 1 ofertę pracy 5
    kandydat 217837 P2965 październik | bezrobotni zarejestrowani na 1 ofertę pracy 5
    kandydat 217838 P2965 listopad | bezrobotni zarejestrowani na 1 ofertę pracy 5
    kandydat 217839 P2965 grudzień | bezrobotni zarejestrowani na 1 ofertę pracy 5
zapisano: województw 16 (wiki 16 ) powiatów 380 (wiki 376 ) gmin 2479 (wiki 2068 )
