klubów z logo w Wikidata: 33
brak logo: Znicz Wartogłowiec
brak logo: Legia Warszawa
brak logo: KS Cracovia
brak logo: Wisła Kraków
brak logo: Wieczysta Kraków
brak logo: Górnik Zabrze
brak logo: Korona Kielce
brak logo: Motor Lublin
brak logo: Piast Gliwice
brak logo: Pogoń Szczecin
brak logo: Zagłębie Lubin
brak logo: Śląsk Wrocław
brak logo: Bruk-Bet Termalica Nieciecza
brak logo: Ruch Chorzów
brak logo: Lechia Gdańsk
brak logo: Pogoń Grodzisk Mazowiecki
brak logo: Miedź Legnica
brak logo: Podbeskidzie Bielsko-Biała
brak logo: Odra Opole
brak logo: Arka Gdynia
brak logo: Pogoń Siedlce
brak logo: Polonia Bytom
brak logo: Warta Poznań
brak logo: Puszcza Niepołomice
brak logo: Stal Rzeszów
brak logo: Chrobry Głogów
brak logo: Unia Skierniewice
brak logo: Stal Mielec
brak logo: Znicz Pruszków
brak logo: Górnik Łęczna
brak logo: Rekord Bielsko-Biała
brak logo: Hutnik Kraków
brak logo: Sandecja Nowy Sącz
brak logo: Chojniczanka Chojnice
brak logo: Podhale Nowy Targ
brak logo: Lechia Zielona Góra
brak logo: Olimpia Grudziądz
brak logo: Stal Stalowa Wola
brak logo: Avia Świdnik
brak logo: Sokół Kleczew
brak logo: Świt Szczecin
brak logo: Resovia Rzeszów
brak logo: Garbarnia Kraków
brak logo: Stomil Olsztyn
brak logo: Zagłębie Sosnowiec
brak logo: GKS Bełchatów
brak logo: KSZO 1929 Ostrowiec Świętokrzyski
brak logo: Unia Tarnów
brak logo: Błękitni Stargard
brak logo: GKS Jastrzębie
z herbem: 11 z 63
