  ponawiam https://overpass-api.de/api/interpreter HTTP Error 504: Gateway Timeout
  ponawiam https://overpass.kumi.systems/api/interpreter HTTP Error 504: Gateway Timeout
  ponawiam https://maps.mail.ru/osm/tools/overpass/api/interpreter HTTP Error 504: Gateway Time-out
  ponawiam https://overpass-api.de/api/interpreter HTTP Error 504: Gateway Timeout
  ponawiam https://overpass.kumi.systems/api/interpreter HTTP Error 504: Gateway Timeout
  ponawiam https://maps.mail.ru/osm/tools/overpass/api/interpreter HTTP Error 504: Gateway Time-out
  ponawiam https://overpass-api.de/api/interpreter HTTP Error 504: Gateway Timeout
  ponawiam https://overpass.kumi.systems/api/interpreter HTTP Error 504: Gateway Timeout
  ponawiam https://maps.mail.ru/osm/tools/overpass/api/interpreter HTTP Error 504: Gateway Timeout
  ponawiam https://overpass-api.de/api/interpreter HTTP Error 429: Too Many Requests
  ponawiam https://overpass.kumi.systems/api/interpreter HTTP Error 504: Gateway Timeout
  ponawiam https://overpass-api.de/api/interpreter HTTP Error 429: Too Many Requests
  ponawiam https://overpass-api.de/api/interpreter HTTP Error 504: Gateway Timeout
  ponawiam https://overpass.kumi.systems/api/interpreter HTTP Error 504: Gateway Timeout
  ponawiam https://overpass-api.de/api/interpreter HTTP Error 429: Too Many Requests
  ponawiam https://overpass.kumi.systems/api/interpreter HTTP Error 504: Gateway Timeout
  ponawiam https://maps.mail.ru/osm/tools/overpass/api/interpreter HTTP Error 504: Gateway Time-out
gmin: 2479
miejscowości: 105018
  woj 02 dróg razem: 18316
  woj 04 dróg razem: 29268
  woj 06 dróg razem: 42250
  woj 08 dróg razem: 49080
  woj 10 dróg razem: 61513
  woj 12 dróg razem: 78775
  woj 14 dróg razem: 106574
  woj 16 dróg razem: 113364
  woj 18 dróg razem: 125451
  woj 20 dróg razem: 133389
  woj 22 dróg razem: 147437
  woj 24 dróg razem: 168537
  woj 26 dróg razem: 176445
  woj 28 dróg razem: 184568
  woj 30 dróg razem: 203042
  woj 32 dróg razem: 214020
  mapki 0
  mapki 300
  mapki 600
  mapki 900
  mapki 1200
  mapki 1500
  mapki 1800
  mapki 2100
  mapki 2400
gotowe: 2479
